{
'project:custom/star-step-prefix.feature':[
5,
],
}
