{
'project:custom/fixme.feature':[
4,
7,
10,
],
}
