{
'project:custom/max-number-steps/max-number-steps-background.feature':[
20,
],
'project:custom/max-number-steps/max-number-steps-no-background.feature':[
18,
],
}
