{
'project:custom/incomplete-examples-table.feature':[
8,
16,
24,
],
'project:custom/indentation/indentation-custom-ok.feature':[
39,
],
'project:custom/indentation/indentation-default-ok.feature':[
39,
],
}
