{
'project:custom/comment-convention.feature':[
2,
],
'project:custom/fixme.feature':[
7,
10,
],
'project:custom/todo.feature':[
7,
10,
],
}
