{
'project:custom/allowed-tags/allowed-tags-custom.feature':[
6,
12,
12,
],
'project:custom/allowed-tags/allowed-tags-default.feature':[
2,
6,
],
'project:custom/custom-checks/forbidden-tag.feature':[
1,
4,
10,
],
'project:custom/indentation/indentation-custom-ko.feature':[
2,
18,
28,
30,
30,
50,
50,
],
'project:custom/indentation/indentation-custom-ok.feature':[
1,
2,
12,
20,
20,
34,
35,
35,
],
'project:custom/indentation/indentation-default-ko.feature':[
2,
3,
19,
29,
31,
51,
],
'project:custom/indentation/indentation-default-ok.feature':[
1,
2,
12,
12,
20,
34,
35,
35,
],
'project:custom/tag-name/tag-name-custom-ko.feature':[
2,
5,
],
'project:custom/tag-name/tag-name-custom-ok.feature':[
1,
4,
],
'project:custom/tag-name/tag-name-ko.feature':[
2,
2,
6,
],
'project:custom/tag-name/tag-name-ok.feature':[
1,
1,
4,
],
}
